src/lib/auditLog.ts(1,14): error TS2305: Module '"@workspace/db"' has no exported member 'auditLogsTable'.
src/lib/chatbotTools.ts(1,14): error TS2305: Module '"@workspace/db"' has no exported member 'loansTable'.
src/lib/chatbotTools.ts(1,26): error TS2305: Module '"@workspace/db"' has no exported member 'clientsTable'.
src/lib/chatbotTools.ts(1,40): error TS2305: Module '"@workspace/db"' has no exported member 'loanRequestsTable'.
src/lib/chatbotTools.ts(1,59): error TS2305: Module '"@workspace/db"' has no exported member 'installmentsTable'.
src/lib/chatbotTools.ts(1,78): error TS2305: Module '"@workspace/db"' has no exported member 'paymentsTable'.
src/lib/chatbotTools.ts(1,93): error TS2305: Module '"@workspace/db"' has no exported member 'usersTable'.
src/lib/chatbotTools.ts(1,105): error TS2305: Module '"@workspace/db"' has no exported member 'notificationsTable'.
src/lib/emailService.ts(2,14): error TS2305: Module '"@workspace/db"' has no exported member 'notificationsTable'.
src/lib/emailService.ts(2,34): error TS2305: Module '"@workspace/db"' has no exported member 'notificationTemplatesTable'.
src/lib/glAccountsSeed.ts(1,14): error TS2305: Module '"@workspace/db"' has no exported member 'glAccountsTable'.
src/lib/installmentEngine.ts(1,14): error TS2305: Module '"@workspace/db"' has no exported member 'holidaysTable'.
src/lib/refGenerator.ts(1,14): error TS2305: Module '"@workspace/db"' has no exported member 'loanRequestsTable'.
src/lib/refGenerator.ts(1,33): error TS2305: Module '"@workspace/db"' has no exported member 'clientsTable'.
src/lib/refGenerator.ts(1,47): error TS2305: Module '"@workspace/db"' has no exported member 'guaranteesTable'.
src/lib/refGenerator.ts(1,64): error TS2305: Module '"@workspace/db"' has no exported member 'loansTable'.
src/lib/replitAuth.ts(4,14): error TS2305: Module '"@workspace/db"' has no exported member 'sessionsTable'.
src/lib/scheduler.ts(1,14): error TS2305: Module '"@workspace/db"' has no exported member 'installmentsTable'.
src/lib/scheduler.ts(1,33): error TS2305: Module '"@workspace/db"' has no exported member 'loansTable'.
src/lib/scheduler.ts(1,45): error TS2305: Module '"@workspace/db"' has no exported member 'loanRequestsTable'.
src/lib/scheduler.ts(1,64): error TS2305: Module '"@workspace/db"' has no exported member 'paymentsTable'.
src/lib/scheduler.ts(1,79): error TS2305: Module '"@workspace/db"' has no exported member 'fundProductsTable'.
src/lib/scheduler.ts(1,98): error TS2305: Module '"@workspace/db"' has no exported member 'notificationsTable'.
src/lib/scheduler.ts(1,118): error TS2305: Module '"@workspace/db"' has no exported member 'clientsTable'.
src/lib/smsService.ts(1,14): error TS2305: Module '"@workspace/db"' has no exported member 'smsNotificationsTable'.
src/lib/webhookService.ts(2,14): error TS2305: Module '"@workspace/db"' has no exported member 'webhooksTable'.
src/lib/webhookService.ts(2,29): error TS2305: Module '"@workspace/db"' has no exported member 'webhookDeliveriesTable'.
src/middlewares/tenantRls.ts(2,10): error TS2305: Module '"@workspace/db"' has no exported member 'withTenantContext'.
src/routes/approvals.ts(2,14): error TS2305: Module '"@workspace/db"' has no exported member 'approvalRequestsTable'.
src/routes/approvals.ts(2,37): error TS2305: Module '"@workspace/db"' has no exported member 'loansTable'.
src/routes/approvals.ts(2,49): error TS2305: Module '"@workspace/db"' has no exported member 'loanRequestsTable'.
src/routes/approvals.ts(2,68): error TS2305: Module '"@workspace/db"' has no exported member 'clientsTable'.
src/routes/approvals.ts(2,82): error TS2305: Module '"@workspace/db"' has no exported member 'installmentsTable'.
src/routes/approvals.ts(2,101): error TS2305: Module '"@workspace/db"' has no exported member 'journalEntriesTable'.
src/routes/approvals.ts(2,122): error TS2305: Module '"@workspace/db"' has no exported member 'fundProductsTable'.
src/routes/auditLogs.ts(2,14): error TS2305: Module '"@workspace/db"' has no exported member 'auditLogsTable'.
src/routes/auth.ts(2,14): error TS2305: Module '"@workspace/db"' has no exported member 'usersTable'.
src/routes/auth.ts(2,26): error TS2305: Module '"@workspace/db"' has no exported member 'tenantsTable'.
src/routes/auth.ts(86,62): error TS7006: Parameter 'd' implicitly has an 'any' type.
src/routes/bankFacilities.ts(2,14): error TS2305: Module '"@workspace/db"' has no exported member 'bankFacilitiesTable'.
src/routes/bankFacilities.ts(2,35): error TS2305: Module '"@workspace/db"' has no exported member 'insuranceCompaniesTable'.
src/routes/bankFacilities.ts(112,13): error TS2339: Property 'productRegionsTable' does not exist on type '{ default: typeof import("/home/runner/workspace/lib/db/dist/index"); pool: Pool; db: NodePgDatabase<typeof import("/home/runner/workspace/lib/db/dist/schema/index")> & { ...; }; }'.
src/routes/bankFacilities.ts(112,34): error TS2339: Property 'productSectorsTable' does not exist on type '{ default: typeof import("/home/runner/workspace/lib/db/dist/index"); pool: Pool; db: NodePgDatabase<typeof import("/home/runner/workspace/lib/db/dist/schema/index")> & { ...; }; }'.
src/routes/bankFacilities.ts(137,13): error TS2339: Property 'productRegionsTable' does not exist on type '{ default: typeof import("/home/runner/workspace/lib/db/dist/index"); pool: Pool; db: NodePgDatabase<typeof import("/home/runner/workspace/lib/db/dist/schema/index")> & { ...; }; }'.
src/routes/bankFacilities.ts(157,13): error TS2339: Property 'productSectorsTable' does not exist on type '{ default: typeof import("/home/runner/workspace/lib/db/dist/index"); pool: Pool; db: NodePgDatabase<typeof import("/home/runner/workspace/lib/db/dist/schema/index")> & { ...; }; }'.
src/routes/bankReconciliation.ts(2,14): error TS2305: Module '"@workspace/db"' has no exported member 'bankReconciliationTable'.
src/routes/bankReconciliation.ts(2,39): error TS2305: Module '"@workspace/db"' has no exported member 'bankReconciliationItemsTable'.
src/routes/bankReconciliation.ts(2,69): error TS2305: Module '"@workspace/db"' has no exported member 'paymentsTable'.
src/routes/blacklists.ts(2,14): error TS2305: Module '"@workspace/db"' has no exported member 'blacklistsTable'.
src/routes/branchCashTransfers.ts(2,14): error TS2305: Module '"@workspace/db"' has no exported member 'branchCashTransfersTable'.
src/routes/branchCashTransfers.ts(2,40): error TS2305: Module '"@workspace/db"' has no exported member 'branchesTable'.
src/routes/branchRequests.ts(2,14): error TS2305: Module '"@workspace/db"' has no exported member 'branchRequestsTable'.
src/routes/branches.ts(2,14): error TS2305: Module '"@workspace/db"' has no exported member 'branchesTable'.
src/routes/bulkAdjustments.ts(2,14): error TS2305: Module '"@workspace/db"' has no exported member 'fundProductsTable'.
src/routes/bulkAdjustments.ts(2,33): error TS2305: Module '"@workspace/db"' has no exported member 'loansTable'.
src/routes/bulkAdjustments.ts(2,45): error TS2305: Module '"@workspace/db"' has no exported member 'loanRequestsTable'.
src/routes/bulkAdjustments.ts(2,64): error TS2305: Module '"@workspace/db"' has no exported member 'installmentsTable'.
src/routes/bulkAdjustments.ts(42,47): error TS2339: Property 'where' does not exist on type 'Omit<PgSelectBase<any, { loanId: any; currentOutstanding: any; productName: any; currentRate: any; }, "partial", any, false, "where", any[], { loanId: any; currentOutstanding: any; productName: any; currentRate: any; }>, "where">'.
src/routes/bulkAdjustments.ts(96,13): error TS2339: Property 'auditLogsTable' does not exist on type '{ default: typeof import("/home/runner/workspace/lib/db/dist/index"); pool: Pool; db: NodePgDatabase<typeof import("/home/runner/workspace/lib/db/dist/schema/index")> & { ...; }; }'.
src/routes/bulkOperations.ts(2,14): error TS2305: Module '"@workspace/db"' has no exported member 'bulkOperationsTable'.
src/routes/bulkOperations.ts(2,35): error TS2305: Module '"@workspace/db"' has no exported member 'loanRequestsTable'.
src/routes/bulkOperations.ts(2,54): error TS2305: Module '"@workspace/db"' has no exported member 'clientsTable'.
src/routes/bulkOperations.ts(2,68): error TS2305: Module '"@workspace/db"' has no exported member 'fundProductsTable'.
src/routes/bulkOperations.ts(2,87): error TS2305: Module '"@workspace/db"' has no exported member 'paymentsTable'.
src/routes/bulkOperations.ts(2,102): error TS2305: Module '"@workspace/db"' has no exported member 'loansTable'.
src/routes/bulkOperations.ts(2,114): error TS2305: Module '"@workspace/db"' has no exported member 'installmentsTable'.
src/routes/cashSettlements.ts(2,14): error TS2305: Module '"@workspace/db"' has no exported member 'cashSettlementsTable'.
src/routes/cashSettlements.ts(2,36): error TS2305: Module '"@workspace/db"' has no exported member 'cashBoxesTable'.
src/routes/cashSettlements.ts(2,52): error TS2305: Module '"@workspace/db"' has no exported member 'branchesTable'.
src/routes/cashSettlements.ts(2,67): error TS2305: Module '"@workspace/db"' has no exported member 'journalEntriesTable'.
src/routes/chatbot.ts(154,35): error TS2339: Property 'function' does not exist on type 'ChatCompletionMessageToolCall'.
  Property 'function' does not exist on type 'ChatCompletionMessageCustomToolCall'.
src/routes/chatbot.ts(156,46): error TS2339: Property 'function' does not exist on type 'ChatCompletionMessageToolCall'.
  Property 'function' does not exist on type 'ChatCompletionMessageCustomToolCall'.
src/routes/cheques.ts(2,14): error TS2305: Module '"@workspace/db"' has no exported member 'chequesTable'.
src/routes/cheques.ts(2,28): error TS2305: Module '"@workspace/db"' has no exported member 'journalEntriesTable'.
src/routes/cheques.ts(2,49): error TS2305: Module '"@workspace/db"' has no exported member 'clientsTable'.
src/routes/cheques.ts(2,63): error TS2305: Module '"@workspace/db"' has no exported member 'guaranteesTable'.
src/routes/clientGroups.ts(2,14): error TS2305: Module '"@workspace/db"' has no exported member 'clientGroupsTable'.
src/routes/clientGroups.ts(2,33): error TS2305: Module '"@workspace/db"' has no exported member 'clientGroupMembersTable'.
src/routes/clientGroups.ts(2,58): error TS2305: Module '"@workspace/db"' has no exported member 'clientsTable'.
src/routes/clientPortal.ts(2,14): error TS2305: Module '"@workspace/db"' has no exported member 'clientsTable'.
src/routes/clientPortal.ts(2,28): error TS2305: Module '"@workspace/db"' has no exported member 'loansTable'.
src/routes/clientPortal.ts(2,40): error TS2305: Module '"@workspace/db"' has no exported member 'loanRequestsTable'.
src/routes/clientPortal.ts(2,59): error TS2305: Module '"@workspace/db"' has no exported member 'installmentsTable'.
src/routes/clientPortal.ts(2,78): error TS2305: Module '"@workspace/db"' has no exported member 'paymentsTable'.
src/routes/clientPortal.ts(2,93): error TS2305: Module '"@workspace/db"' has no exported member 'savingsAccountsTable'.
src/routes/clientPortal.ts(2,115): error TS2305: Module '"@workspace/db"' has no exported member 'savingsTransactionsTable'.
src/routes/clients.ts(2,14): error TS2305: Module '"@workspace/db"' has no exported member 'clientsTable'.
src/routes/clients.ts(2,28): error TS2305: Module '"@workspace/db"' has no exported member 'loansTable'.
src/routes/clients.ts(2,40): error TS2305: Module '"@workspace/db"' has no exported member 'loanRequestsTable'.
src/routes/clients.ts(2,59): error TS2305: Module '"@workspace/db"' has no exported member 'installmentsTable'.
src/routes/clients.ts(2,78): error TS2305: Module '"@workspace/db"' has no exported member 'paymentsTable'.
src/routes/collaterals.ts(2,14): error TS2305: Module '"@workspace/db"' has no exported member 'collateralsTable'.
src/routes/collaterals.ts(2,32): error TS2305: Module '"@workspace/db"' has no exported member 'clientsTable'.
src/routes/collaterals.ts(2,46): error TS2305: Module '"@workspace/db"' has no exported member 'loansTable'.
src/routes/collaterals.ts(112,124): error TS2322: Type 'string | string[]' is not assignable to type 'string | undefined'.
  Type 'string[]' is not assignable to type 'string'.
src/routes/collectionActivities.ts(2,14): error TS2305: Module '"@workspace/db"' has no exported member 'collectionActivitiesTable'.
src/routes/commissions.ts(2,14): error TS2305: Module '"@workspace/db"' has no exported member 'commissionsTable'.
src/routes/commissions.ts(2,32): error TS2305: Module '"@workspace/db"' has no exported member 'salesAgentsTable'.
src/routes/commissions.ts(2,50): error TS2305: Module '"@workspace/db"' has no exported member 'productCommissionsTable'.
src/routes/compliance.ts(2,14): error TS2305: Module '"@workspace/db"' has no exported member 'loansTable'.
src/routes/compliance.ts(2,26): error TS2305: Module '"@workspace/db"' has no exported member 'loanRequestsTable'.
src/routes/compliance.ts(2,45): error TS2305: Module '"@workspace/db"' has no exported member 'installmentsTable'.
src/routes/compliance.ts(2,64): error TS2305: Module '"@workspace/db"' has no exported member 'paymentsTable'.
src/routes/compliance.ts(2,79): error TS2305: Module '"@workspace/db"' has no exported member 'clientsTable'.
src/routes/compliance.ts(2,93): error TS2305: Module '"@workspace/db"' has no exported member 'fundProductsTable'.
src/routes/compliance.ts(2,112): error TS2305: Module '"@workspace/db"' has no exported member 'collectionActivitiesTable'.
src/routes/compliance.ts(2,139): error TS2305: Module '"@workspace/db"' has no exported member 'usersTable'.
src/routes/creditLimits.ts(2,14): error TS2305: Module '"@workspace/db"' has no exported member 'creditLimitsTable'.
src/routes/creditLimits.ts(2,33): error TS2305: Module '"@workspace/db"' has no exported member 'creditDrawsTable'.
src/routes/creditLimits.ts(2,51): error TS2305: Module '"@workspace/db"' has no exported member 'journalEntriesTable'.
src/routes/dailyClosing.ts(2,14): error TS2305: Module '"@workspace/db"' has no exported member 'dailyClosingsTable'.
src/routes/dailyClosing.ts(2,34): error TS2305: Module '"@workspace/db"' has no exported member 'paymentsTable'.
src/routes/dailyClosing.ts(2,49): error TS2305: Module '"@workspace/db"' has no exported member 'loansTable'.
src/routes/dailyClosing.ts(2,61): error TS2305: Module '"@workspace/db"' has no exported member 'expensesTable'.
src/routes/dailyClosing.ts(2,76): error TS2305: Module '"@workspace/db"' has no exported member 'loanRequestsTable'.
src/routes/dashboard.ts(2,14): error TS2305: Module '"@workspace/db"' has no exported member 'loansTable'.
src/routes/dashboard.ts(2,26): error TS2305: Module '"@workspace/db"' has no exported member 'clientsTable'.
src/routes/dashboard.ts(2,40): error TS2305: Module '"@workspace/db"' has no exported member 'loanRequestsTable'.
src/routes/dashboard.ts(2,59): error TS2305: Module '"@workspace/db"' has no exported member 'installmentsTable'.
src/routes/dashboard.ts(2,78): error TS2305: Module '"@workspace/db"' has no exported member 'paymentsTable'.
src/routes/dashboard.ts(2,93): error TS2305: Module '"@workspace/db"' has no exported member 'usersTable'.
src/routes/dataExport.ts(2,14): error TS2305: Module '"@workspace/db"' has no exported member 'clientsTable'.
src/routes/dataExport.ts(2,28): error TS2305: Module '"@workspace/db"' has no exported member 'loansTable'.
src/routes/dataExport.ts(2,40): error TS2305: Module '"@workspace/db"' has no exported member 'loanRequestsTable'.
src/routes/dataExport.ts(2,59): error TS2305: Module '"@workspace/db"' has no exported member 'installmentsTable'.
src/routes/dataExport.ts(2,78): error TS2305: Module '"@workspace/db"' has no exported member 'paymentsTable'.
src/routes/dataExport.ts(2,93): error TS2305: Module '"@workspace/db"' has no exported member 'expensesTable'.
src/routes/dataExport.ts(2,108): error TS2305: Module '"@workspace/db"' has no exported member 'guaranteesTable'.
src/routes/dataExport.ts(2,125): error TS2305: Module '"@workspace/db"' has no exported member 'collectionActivitiesTable'.
src/routes/dataExport.ts(2,152): error TS2305: Module '"@workspace/db"' has no exported member 'savingsAccountsTable'.
src/routes/dataExport.ts(2,174): error TS2305: Module '"@workspace/db"' has no exported member 'savingsTransactionsTable'.
src/routes/dataExport.ts(2,200): error TS2305: Module '"@workspace/db"' has no exported member 'collateralsTable'.
src/routes/dataExport.ts(2,218): error TS2305: Module '"@workspace/db"' has no exported member 'journalEntriesTable'.
src/routes/dataExport.ts(2,239): error TS2305: Module '"@workspace/db"' has no exported member 'journalItemsTable'.
src/routes/dataExport.ts(2,258): error TS2305: Module '"@workspace/db"' has no exported member 'auditLogsTable'.
src/routes/dataExport.ts(57,28): error TS2538: Type 'string[]' cannot be used as an index type.
src/routes/documents.ts(2,14): error TS2305: Module '"@workspace/db"' has no exported member 'documentsTable'.
src/routes/emailNotifications.ts(2,14): error TS2305: Module '"@workspace/db"' has no exported member 'notificationsTable'.
src/routes/emailNotifications.ts(2,34): error TS2305: Module '"@workspace/db"' has no exported member 'notificationTemplatesTable'.
src/routes/epayments.ts(2,14): error TS2305: Module '"@workspace/db"' has no exported member 'epaymentConfigsTable'.
src/routes/epayments.ts(2,36): error TS2305: Module '"@workspace/db"' has no exported member 'epaymentTransactionsTable'.
src/routes/epayments.ts(2,63): error TS2305: Module '"@workspace/db"' has no exported member 'journalEntriesTable'.
src/routes/expenses.ts(2,14): error TS2305: Module '"@workspace/db"' has no exported member 'expensesTable'.
src/routes/expenses.ts(2,29): error TS2305: Module '"@workspace/db"' has no exported member 'revenuesTable'.
src/routes/expenses.ts(2,44): error TS2305: Module '"@workspace/db"' has no exported member 'branchesTable'.
src/routes/expenses.ts(2,59): error TS2305: Module '"@workspace/db"' has no exported member 'journalEntriesTable'.
src/routes/financialStatements.ts(2,14): error TS2305: Module '"@workspace/db"' has no exported member 'glAccountsTable'.
src/routes/financialStatements.ts(2,31): error TS2305: Module '"@workspace/db"' has no exported member 'journalEntriesTable'.
src/routes/financialStatements.ts(2,52): error TS2305: Module '"@workspace/db"' has no exported member 'journalItemsTable'.
src/routes/financialStatements.ts(34,8): error TS2554: Expected 2 arguments, but got 1.
src/routes/financialStatements.ts(90,8): error TS2554: Expected 2 arguments, but got 1.
src/routes/financialStatements.ts(162,8): error TS2554: Expected 2 arguments, but got 1.
src/routes/fraReports.ts(2,14): error TS2305: Module '"@workspace/db"' has no exported member 'loansTable'.
src/routes/fraReports.ts(2,26): error TS2305: Module '"@workspace/db"' has no exported member 'loanRequestsTable'.
src/routes/fraReports.ts(2,45): error TS2305: Module '"@workspace/db"' has no exported member 'clientsTable'.
src/routes/fraReports.ts(2,59): error TS2305: Module '"@workspace/db"' has no exported member 'installmentsTable'.
src/routes/fraReports.ts(2,78): error TS2305: Module '"@workspace/db"' has no exported member 'paymentsTable'.
src/routes/fraReports.ts(2,93): error TS2305: Module '"@workspace/db"' has no exported member 'fundProductsTable'.
src/routes/fraReports.ts(2,112): error TS2305: Module '"@workspace/db"' has no exported member 'branchesTable'.
src/routes/fundProducts.ts(2,14): error TS2305: Module '"@workspace/db"' has no exported member 'fundProductsTable'.
src/routes/glAccounts.ts(2,14): error TS2305: Module '"@workspace/db"' has no exported member 'glAccountsTable'.
src/routes/glAccounts.ts(2,31): error TS2305: Module '"@workspace/db"' has no exported member 'journalEntriesTable'.
src/routes/guarantees.ts(2,14): error TS2305: Module '"@workspace/db"' has no exported member 'guaranteesTable'.
src/routes/guarantees.ts(2,31): error TS2305: Module '"@workspace/db"' has no exported member 'clientsTable'.
src/routes/holidays.ts(2,14): error TS2305: Module '"@workspace/db"' has no exported member 'holidaysTable'.
src/routes/installments.ts(2,14): error TS2305: Module '"@workspace/db"' has no exported member 'installmentsTable'.
src/routes/installments.ts(2,33): error TS2305: Module '"@workspace/db"' has no exported member 'loansTable'.
src/routes/installments.ts(2,45): error TS2305: Module '"@workspace/db"' has no exported member 'loanRequestsTable'.
src/routes/installments.ts(2,64): error TS2305: Module '"@workspace/db"' has no exported member 'clientsTable'.
src/routes/installments.ts(2,78): error TS2305: Module '"@workspace/db"' has no exported member 'fundProductsTable'.
src/routes/iscore.ts(2,14): error TS2305: Module '"@workspace/db"' has no exported member 'iscoreChecksTable'.
src/routes/iscore.ts(2,33): error TS2305: Module '"@workspace/db"' has no exported member 'clientsTable'.
src/routes/iscore.ts(2,47): error TS2305: Module '"@workspace/db"' has no exported member 'tenantsTable'.
src/routes/iscore.ts(2,61): error TS2305: Module '"@workspace/db"' has no exported member 'loanRequestsTable'.
src/routes/iscore.ts(2,80): error TS2305: Module '"@workspace/db"' has no exported member 'blacklistsTable'.
src/routes/loanAging.ts(2,14): error TS2305: Module '"@workspace/db"' has no exported member 'loansTable'.
src/routes/loanAging.ts(2,26): error TS2305: Module '"@workspace/db"' has no exported member 'installmentsTable'.
src/routes/loanAging.ts(2,45): error TS2305: Module '"@workspace/db"' has no exported member 'loanRequestsTable'.
src/routes/loanAging.ts(2,64): error TS2305: Module '"@workspace/db"' has no exported member 'fundProductsTable'.
src/routes/loanAging.ts(2,83): error TS2305: Module '"@workspace/db"' has no exported member 'branchesTable'.
src/routes/loanAging.ts(2,98): error TS2305: Module '"@workspace/db"' has no exported member 'usersTable'.
src/routes/loanRequests.ts(2,14): error TS2305: Module '"@workspace/db"' has no exported member 'loanRequestsTable'.
src/routes/loanRequests.ts(2,33): error TS2305: Module '"@workspace/db"' has no exported member 'clientsTable'.
src/routes/loanRequests.ts(2,47): error TS2305: Module '"@workspace/db"' has no exported member 'fundProductsTable'.
src/routes/loanRequests.ts(2,66): error TS2305: Module '"@workspace/db"' has no exported member 'loansTable'.
src/routes/loanRequests.ts(2,78): error TS2305: Module '"@workspace/db"' has no exported member 'installmentsTable'.
src/routes/loanRequests.ts(2,97): error TS2305: Module '"@workspace/db"' has no exported member 'commissionsTable'.
src/routes/loanRequests.ts(2,115): error TS2305: Module '"@workspace/db"' has no exported member 'salesAgentsTable'.
src/routes/loanRequests.ts(2,133): error TS2305: Module '"@workspace/db"' has no exported member 'productCommissionsTable'.
src/routes/loanRequests.ts(2,158): error TS2305: Module '"@workspace/db"' has no exported member 'journalEntriesTable'.
src/routes/loanRequests.ts(2,179): error TS2305: Module '"@workspace/db"' has no exported member 'creditLimitsTable'.
src/routes/loans.ts(2,14): error TS2305: Module '"@workspace/db"' has no exported member 'loansTable'.
src/routes/loans.ts(2,26): error TS2305: Module '"@workspace/db"' has no exported member 'loanRequestsTable'.
src/routes/loans.ts(2,45): error TS2305: Module '"@workspace/db"' has no exported member 'clientsTable'.
src/routes/loans.ts(2,59): error TS2305: Module '"@workspace/db"' has no exported member 'installmentsTable'.
src/routes/loans.ts(2,78): error TS2305: Module '"@workspace/db"' has no exported member 'paymentsTable'.
src/routes/loans.ts(2,93): error TS2305: Module '"@workspace/db"' has no exported member 'fundProductsTable'.
src/routes/loans.ts(2,112): error TS2305: Module '"@workspace/db"' has no exported member 'approvalRequestsTable'.
src/routes/loans.ts(415,13): error TS2339: Property 'guaranteesTable' does not exist on type '{ default: typeof import("/home/runner/workspace/lib/db/dist/index"); pool: Pool; db: NodePgDatabase<typeof import("/home/runner/workspace/lib/db/dist/schema/index")> & { ...; }; }'.
src/routes/notifications.ts(2,14): error TS2305: Module '"@workspace/db"' has no exported member 'notificationTemplatesTable'.
src/routes/notifications.ts(2,42): error TS2305: Module '"@workspace/db"' has no exported member 'notificationsTable'.
src/routes/notifications.ts(2,62): error TS2305: Module '"@workspace/db"' has no exported member 'clientsTable'.
src/routes/notifications.ts(2,76): error TS2305: Module '"@workspace/db"' has no exported member 'installmentsTable'.
src/routes/notifications.ts(2,95): error TS2305: Module '"@workspace/db"' has no exported member 'loansTable'.
src/routes/notifications.ts(2,107): error TS2305: Module '"@workspace/db"' has no exported member 'loanRequestsTable'.
src/routes/officerCheckins.ts(2,14): error TS2305: Module '"@workspace/db"' has no exported member 'officerCheckinsTable'.
src/routes/officerCheckins.ts(2,36): error TS2305: Module '"@workspace/db"' has no exported member 'usersTable'.
src/routes/officerCheckins.ts(2,48): error TS2305: Module '"@workspace/db"' has no exported member 'clientsTable'.
src/routes/offloading.ts(2,14): error TS2305: Module '"@workspace/db"' has no exported member 'offloadingBatchesTable'.
src/routes/offloading.ts(2,38): error TS2305: Module '"@workspace/db"' has no exported member 'offloadingItemsTable'.
src/routes/offloading.ts(2,60): error TS2305: Module '"@workspace/db"' has no exported member 'loansTable'.
src/routes/offloading.ts(2,72): error TS2305: Module '"@workspace/db"' has no exported member 'loanRequestsTable'.
src/routes/offloading.ts(2,91): error TS2305: Module '"@workspace/db"' has no exported member 'clientsTable'.
src/routes/payments.ts(2,14): error TS2305: Module '"@workspace/db"' has no exported member 'paymentsTable'.
src/routes/payments.ts(2,29): error TS2305: Module '"@workspace/db"' has no exported member 'installmentsTable'.
src/routes/payments.ts(2,48): error TS2305: Module '"@workspace/db"' has no exported member 'loansTable'.
src/routes/payments.ts(2,60): error TS2305: Module '"@workspace/db"' has no exported member 'journalEntriesTable'.
src/routes/payments.ts(2,81): error TS2305: Module '"@workspace/db"' has no exported member 'savingsAccountsTable'.
src/routes/payments.ts(2,103): error TS2305: Module '"@workspace/db"' has no exported member 'savingsTransactionsTable'.
src/routes/payments.ts(2,129): error TS2305: Module '"@workspace/db"' has no exported member 'savingsProductsTable'.
src/routes/periodicClosing.ts(3,7): error TS2305: Module '"@workspace/db"' has no exported member 'periodicClosingsTable'.
src/routes/periodicClosing.ts(3,30): error TS2305: Module '"@workspace/db"' has no exported member 'dailyClosingsTable'.
src/routes/periodicClosing.ts(3,50): error TS2305: Module '"@workspace/db"' has no exported member 'glAccountsTable'.
src/routes/periodicClosing.ts(4,3): error TS2305: Module '"@workspace/db"' has no exported member 'journalEntriesTable'.
src/routes/periodicClosing.ts(4,24): error TS2305: Module '"@workspace/db"' has no exported member 'journalItemsTable'.
src/routes/periodicClosing.ts(4,43): error TS2305: Module '"@workspace/db"' has no exported member 'installmentsTable'.
src/routes/periodicClosing.ts(4,62): error TS2305: Module '"@workspace/db"' has no exported member 'loansTable'.
src/routes/periodicClosing.ts(5,3): error TS2305: Module '"@workspace/db"' has no exported member 'paymentsTable'.
src/routes/periodicClosing.ts(5,18): error TS2305: Module '"@workspace/db"' has no exported member 'expensesTable'.
src/routes/periodicClosing.ts(104,6): error TS2554: Expected 2 arguments, but got 1.
src/routes/portfolioAnalytics.ts(2,14): error TS2305: Module '"@workspace/db"' has no exported member 'loansTable'.
src/routes/portfolioAnalytics.ts(2,26): error TS2305: Module '"@workspace/db"' has no exported member 'loanRequestsTable'.
src/routes/portfolioAnalytics.ts(2,45): error TS2305: Module '"@workspace/db"' has no exported member 'installmentsTable'.
src/routes/portfolioAnalytics.ts(2,64): error TS2305: Module '"@workspace/db"' has no exported member 'clientsTable'.
src/routes/portfolioAnalytics.ts(2,78): error TS2305: Module '"@workspace/db"' has no exported member 'branchesTable'.
src/routes/portfolioAnalytics.ts(2,93): error TS2305: Module '"@workspace/db"' has no exported member 'fundProductsTable'.
src/routes/portfolioAnalytics.ts(2,112): error TS2305: Module '"@workspace/db"' has no exported member 'paymentsTable'.
src/routes/portfolioTransfers.ts(2,14): error TS2305: Module '"@workspace/db"' has no exported member 'portfolioTransfersTable'.
src/routes/portfolioTransfers.ts(2,39): error TS2305: Module '"@workspace/db"' has no exported member 'loansTable'.
src/routes/portfolioTransfers.ts(2,51): error TS2305: Module '"@workspace/db"' has no exported member 'loanRequestsTable'.
src/routes/portfolioTransfers.ts(2,70): error TS2305: Module '"@workspace/db"' has no exported member 'usersTable'.
src/routes/portfolioTransfers.ts(2,82): error TS2305: Module '"@workspace/db"' has no exported member 'branchesTable'.
src/routes/replitAuth.ts(3,14): error TS2305: Module '"@workspace/db"' has no exported member 'usersTable'.
src/routes/replitAuth.ts(3,26): error TS2305: Module '"@workspace/db"' has no exported member 'tenantsTable'.
src/routes/replitAuth.ts(170,66): error TS7006: Parameter 'd' implicitly has an 'any' type.
src/routes/reports.ts(2,14): error TS2305: Module '"@workspace/db"' has no exported member 'loansTable'.
src/routes/reports.ts(2,26): error TS2305: Module '"@workspace/db"' has no exported member 'paymentsTable'.
src/routes/reports.ts(2,41): error TS2305: Module '"@workspace/db"' has no exported member 'clientsTable'.
src/routes/reports.ts(2,55): error TS2305: Module '"@workspace/db"' has no exported member 'installmentsTable'.
src/routes/reports.ts(2,74): error TS2305: Module '"@workspace/db"' has no exported member 'loanRequestsTable'.
src/routes/risk.ts(2,14): error TS2305: Module '"@workspace/db"' has no exported member 'riskCriteriaTable'.
src/routes/risk.ts(2,33): error TS2305: Module '"@workspace/db"' has no exported member 'clientsTable'.
src/routes/risk.ts(2,47): error TS2305: Module '"@workspace/db"' has no exported member 'loansTable'.
src/routes/risk.ts(2,59): error TS2305: Module '"@workspace/db"' has no exported member 'loanRequestsTable'.
src/routes/salesAgents.ts(2,14): error TS2305: Module '"@workspace/db"' has no exported member 'salesAgentsTable'.
src/routes/salesAgents.ts(2,32): error TS2305: Module '"@workspace/db"' has no exported member 'commissionsTable'.
src/routes/salesAgents.ts(2,50): error TS2305: Module '"@workspace/db"' has no exported member 'productCommissionsTable'.
src/routes/savings.ts(2,14): error TS2305: Module '"@workspace/db"' has no exported member 'savingsProductsTable'.
src/routes/savings.ts(2,36): error TS2305: Module '"@workspace/db"' has no exported member 'savingsAccountsTable'.
src/routes/savings.ts(2,58): error TS2305: Module '"@workspace/db"' has no exported member 'savingsTransactionsTable'.
src/routes/savings.ts(2,84): error TS2305: Module '"@workspace/db"' has no exported member 'clientsTable'.
src/routes/savings.ts(2,98): error TS2305: Module '"@workspace/db"' has no exported member 'branchesTable'.
src/routes/savings.ts(2,113): error TS2305: Module '"@workspace/db"' has no exported member 'journalEntriesTable'.
src/routes/savings.ts(2,134): error TS2305: Module '"@workspace/db"' has no exported member 'journalItemsTable'.
src/routes/savings.ts(2,153): error TS2305: Module '"@workspace/db"' has no exported member 'glAccountsTable'.
src/routes/settings.ts(2,14): error TS2305: Module '"@workspace/db"' has no exported member 'tenantsTable'.
src/routes/smsNotifications.ts(2,14): error TS2305: Module '"@workspace/db"' has no exported member 'smsNotificationsTable'.
src/routes/subscriptions.ts(2,14): error TS2305: Module '"@workspace/db"' has no exported member 'modulePricingTable'.
src/routes/subscriptions.ts(2,34): error TS2305: Module '"@workspace/db"' has no exported member 'userTypePricingTable'.
src/routes/subscriptions.ts(2,56): error TS2305: Module '"@workspace/db"' has no exported member 'tenantModuleSubscriptionsTable'.
src/routes/subscriptions.ts(2,88): error TS2305: Module '"@workspace/db"' has no exported member 'tenantUserLimitsTable'.
src/routes/subscriptions.ts(2,111): error TS2305: Module '"@workspace/db"' has no exported member 'usersTable'.
src/routes/subscriptions.ts(2,123): error TS2305: Module '"@workspace/db"' has no exported member 'tenantsTable'.
src/routes/subscriptions.ts(130,51): error TS2538: Type 'string[]' cannot be used as an index type.
src/routes/subscriptions.ts(132,33): error TS2538: Type 'string[]' cannot be used as an index type.
src/routes/systemAnnouncements.ts(2,14): error TS2305: Module '"@workspace/db"' has no exported member 'systemAnnouncementsTable'.
src/routes/tenants.ts(2,14): error TS2305: Module '"@workspace/db"' has no exported member 'tenantsTable'.
src/routes/tenants.ts(2,28): error TS2305: Module '"@workspace/db"' has no exported member 'usersTable'.
src/routes/tenants.ts(2,40): error TS2305: Module '"@workspace/db"' has no exported member 'branchesTable'.
src/routes/tenants.ts(2,55): error TS2305: Module '"@workspace/db"' has no exported member 'tenantUserLimitsTable'.
src/routes/twoFactor.ts(2,14): error TS2305: Module '"@workspace/db"' has no exported member 'usersTable'.
src/routes/users.ts(2,14): error TS2305: Module '"@workspace/db"' has no exported member 'usersTable'.
src/routes/users.ts(2,26): error TS2305: Module '"@workspace/db"' has no exported member 'tenantsTable'.
src/routes/users.ts(2,40): error TS2305: Module '"@workspace/db"' has no exported member 'tenantUserLimitsTable'.
src/routes/webhooks.ts(2,14): error TS2305: Module '"@workspace/db"' has no exported member 'webhooksTable'.
src/routes/webhooks.ts(2,29): error TS2305: Module '"@workspace/db"' has no exported member 'webhookDeliveriesTable'.
src/routes/wireTransfers.ts(2,14): error TS2305: Module '"@workspace/db"' has no exported member 'wireTransfersTable'.
src/routes/wireTransfers.ts(2,34): error TS2305: Module '"@workspace/db"' has no exported member 'journalEntriesTable'.
src/routes/workflows.ts(2,14): error TS2305: Module '"@workspace/db"' has no exported member 'customWorkflowsTable'.
src/routes/workflows.ts(2,36): error TS2305: Module '"@workspace/db"' has no exported member 'workflowStepsTable'.
src/routes/workflows.ts(2,56): error TS2305: Module '"@workspace/db"' has no exported member 'workflowInstancesTable'.
